// Jest Snapshot v1, https://goo.gl/fbAQLP

exports[`Button should render as snapshot defines 1`] = `
<defaultProps(Jss(_Button))
  component="button"
>
  <Jss(_Button)
    component="button"
  >
    <_Button
      classes={
        Object {
          "button": "_Button-button-0-1-1",
          "disabled": "_Button-disabled-0-1-5",
          "primary": "_Button-primary-0-1-2",
          "secondary": "_Button-secondary-0-1-3",
          "secondaryLight": "_Button-secondaryLight-0-1-4",
        }
      }
      component="button"
    >
      <button
        className="_Button-button-0-1-1"
      >
        Wow!
      </button>
    </_Button>
  </Jss(_Button)>
</defaultProps(Jss(_Button))>
`;
