// Jest Snapshot v1, https://goo.gl/fbAQLP

exports[`Should have a consistent API 1`] = `
<div>
  <WithStyles(Button)>
    <Button
      classes={
        Object {
          "colorInherit": "MuiButton-colorInherit-5",
          "disabled": "MuiButton-disabled-10",
          "fab": "MuiButton-fab-11",
          "flatPrimary": "MuiButton-flatPrimary-3",
          "flatSecondary": "MuiButton-flatSecondary-4",
          "fullWidth": "MuiButton-fullWidth-15",
          "keyboardFocused": "MuiButton-keyboardFocused-7",
          "label": "MuiButton-label-2",
          "mini": "MuiButton-mini-12",
          "raised": "MuiButton-raised-6",
          "raisedPrimary": "MuiButton-raisedPrimary-8",
          "raisedSecondary": "MuiButton-raisedSecondary-9",
          "root": "MuiButton-root-1",
          "sizeLarge": "MuiButton-sizeLarge-14",
          "sizeSmall": "MuiButton-sizeSmall-13",
        }
      }
      color="default"
      disableFocusRipple={false}
      disabled={false}
      fullWidth={false}
      mini={false}
      size="medium"
      type="button"
      variant="flat"
    >
      <WithStyles(ButtonBase)
        className="MuiButton-root-1"
        classes={
          Object {
            "keyboardFocused": "MuiButton-keyboardFocused-7",
          }
        }
        disabled={false}
        focusRipple={true}
        type="button"
      >
        <ButtonBase
          centerRipple={false}
          className="MuiButton-root-1"
          classes={
            Object {
              "disabled": "MuiButtonBase-disabled-17",
              "keyboardFocused": "MuiButtonBase-keyboardFocused-18 MuiButton-keyboardFocused-7",
              "root": "MuiButtonBase-root-16",
            }
          }
          disableRipple={false}
          disabled={false}
          focusRipple={true}
          tabIndex="0"
          type="button"
        >
          <button
            className="MuiButtonBase-root-16 MuiButton-root-1"
            disabled={false}
            onBlur={[Function]}
            onFocus={[Function]}
            onKeyDown={[Function]}
            onKeyUp={[Function]}
            onMouseDown={[Function]}
            onMouseLeave={[Function]}
            onMouseUp={[Function]}
            onTouchEnd={[Function]}
            onTouchMove={[Function]}
            onTouchStart={[Function]}
            tabIndex="0"
            type="button"
          >
            <span
              className="MuiButton-label-2"
            >
              Default
            </span>
            <WithStyles(TouchRipple)
              center={false}
              innerRef={[Function]}
            >
              <TouchRipple
                center={false}
                classes={
                  Object {
                    "child": "MuiTouchRipple-child-23",
                    "childLeaving": "MuiTouchRipple-childLeaving-24",
                    "childPulsate": "MuiTouchRipple-childPulsate-25",
                    "ripple": "MuiTouchRipple-ripple-20",
                    "ripplePulsate": "MuiTouchRipple-ripplePulsate-22",
                    "rippleVisible": "MuiTouchRipple-rippleVisible-21",
                    "root": "MuiTouchRipple-root-19",
                  }
                }
              >
                <TransitionGroup
                  childFactory={[Function]}
                  className="MuiTouchRipple-root-19"
                  component="span"
                  enter={true}
                  exit={true}
                >
                  <span
                    className="MuiTouchRipple-root-19"
                  />
                </TransitionGroup>
              </TouchRipple>
            </WithStyles(TouchRipple)>
          </button>
        </ButtonBase>
      </WithStyles(ButtonBase)>
    </Button>
  </WithStyles(Button)>
  <WithStyles(Button)
    color="primary"
  >
    <Button
      classes={
        Object {
          "colorInherit": "MuiButton-colorInherit-5",
          "disabled": "MuiButton-disabled-10",
          "fab": "MuiButton-fab-11",
          "flatPrimary": "MuiButton-flatPrimary-3",
          "flatSecondary": "MuiButton-flatSecondary-4",
          "fullWidth": "MuiButton-fullWidth-15",
          "keyboardFocused": "MuiButton-keyboardFocused-7",
          "label": "MuiButton-label-2",
          "mini": "MuiButton-mini-12",
          "raised": "MuiButton-raised-6",
          "raisedPrimary": "MuiButton-raisedPrimary-8",
          "raisedSecondary": "MuiButton-raisedSecondary-9",
          "root": "MuiButton-root-1",
          "sizeLarge": "MuiButton-sizeLarge-14",
          "sizeSmall": "MuiButton-sizeSmall-13",
        }
      }
      color="primary"
      disableFocusRipple={false}
      disabled={false}
      fullWidth={false}
      mini={false}
      size="medium"
      type="button"
      variant="flat"
    >
      <WithStyles(ButtonBase)
        className="MuiButton-root-1 MuiButton-flatPrimary-3"
        classes={
          Object {
            "keyboardFocused": "MuiButton-keyboardFocused-7",
          }
        }
        disabled={false}
        focusRipple={true}
        type="button"
      >
        <ButtonBase
          centerRipple={false}
          className="MuiButton-root-1 MuiButton-flatPrimary-3"
          classes={
            Object {
              "disabled": "MuiButtonBase-disabled-17",
              "keyboardFocused": "MuiButtonBase-keyboardFocused-18 MuiButton-keyboardFocused-7",
              "root": "MuiButtonBase-root-16",
            }
          }
          disableRipple={false}
          disabled={false}
          focusRipple={true}
          tabIndex="0"
          type="button"
        >
          <button
            className="MuiButtonBase-root-16 MuiButton-root-1 MuiButton-flatPrimary-3"
            disabled={false}
            onBlur={[Function]}
            onFocus={[Function]}
            onKeyDown={[Function]}
            onKeyUp={[Function]}
            onMouseDown={[Function]}
            onMouseLeave={[Function]}
            onMouseUp={[Function]}
            onTouchEnd={[Function]}
            onTouchMove={[Function]}
            onTouchStart={[Function]}
            tabIndex="0"
            type="button"
          >
            <span
              className="MuiButton-label-2"
            >
              Primary
            </span>
            <WithStyles(TouchRipple)
              center={false}
              innerRef={[Function]}
            >
              <TouchRipple
                center={false}
                classes={
                  Object {
                    "child": "MuiTouchRipple-child-23",
                    "childLeaving": "MuiTouchRipple-childLeaving-24",
                    "childPulsate": "MuiTouchRipple-childPulsate-25",
                    "ripple": "MuiTouchRipple-ripple-20",
                    "ripplePulsate": "MuiTouchRipple-ripplePulsate-22",
                    "rippleVisible": "MuiTouchRipple-rippleVisible-21",
                    "root": "MuiTouchRipple-root-19",
                  }
                }
              >
                <TransitionGroup
                  childFactory={[Function]}
                  className="MuiTouchRipple-root-19"
                  component="span"
                  enter={true}
                  exit={true}
                >
                  <span
                    className="MuiTouchRipple-root-19"
                  />
                </TransitionGroup>
              </TouchRipple>
            </WithStyles(TouchRipple)>
          </button>
        </ButtonBase>
      </WithStyles(ButtonBase)>
    </Button>
  </WithStyles(Button)>
  <WithStyles(Button)
    color="accent"
  >
    <Button
      classes={
        Object {
          "colorInherit": "MuiButton-colorInherit-5",
          "disabled": "MuiButton-disabled-10",
          "fab": "MuiButton-fab-11",
          "flatPrimary": "MuiButton-flatPrimary-3",
          "flatSecondary": "MuiButton-flatSecondary-4",
          "fullWidth": "MuiButton-fullWidth-15",
          "keyboardFocused": "MuiButton-keyboardFocused-7",
          "label": "MuiButton-label-2",
          "mini": "MuiButton-mini-12",
          "raised": "MuiButton-raised-6",
          "raisedPrimary": "MuiButton-raisedPrimary-8",
          "raisedSecondary": "MuiButton-raisedSecondary-9",
          "root": "MuiButton-root-1",
          "sizeLarge": "MuiButton-sizeLarge-14",
          "sizeSmall": "MuiButton-sizeSmall-13",
        }
      }
      color="accent"
      disableFocusRipple={false}
      disabled={false}
      fullWidth={false}
      mini={false}
      size="medium"
      type="button"
      variant="flat"
    >
      <WithStyles(ButtonBase)
        className="MuiButton-root-1"
        classes={
          Object {
            "keyboardFocused": "MuiButton-keyboardFocused-7",
          }
        }
        disabled={false}
        focusRipple={true}
        type="button"
      >
        <ButtonBase
          centerRipple={false}
          className="MuiButton-root-1"
          classes={
            Object {
              "disabled": "MuiButtonBase-disabled-17",
              "keyboardFocused": "MuiButtonBase-keyboardFocused-18 MuiButton-keyboardFocused-7",
              "root": "MuiButtonBase-root-16",
            }
          }
          disableRipple={false}
          disabled={false}
          focusRipple={true}
          tabIndex="0"
          type="button"
        >
          <button
            className="MuiButtonBase-root-16 MuiButton-root-1"
            disabled={false}
            onBlur={[Function]}
            onFocus={[Function]}
            onKeyDown={[Function]}
            onKeyUp={[Function]}
            onMouseDown={[Function]}
            onMouseLeave={[Function]}
            onMouseUp={[Function]}
            onTouchEnd={[Function]}
            onTouchMove={[Function]}
            onTouchStart={[Function]}
            tabIndex="0"
            type="button"
          >
            <span
              className="MuiButton-label-2"
            >
              Accent
            </span>
            <WithStyles(TouchRipple)
              center={false}
              innerRef={[Function]}
            >
              <TouchRipple
                center={false}
                classes={
                  Object {
                    "child": "MuiTouchRipple-child-23",
                    "childLeaving": "MuiTouchRipple-childLeaving-24",
                    "childPulsate": "MuiTouchRipple-childPulsate-25",
                    "ripple": "MuiTouchRipple-ripple-20",
                    "ripplePulsate": "MuiTouchRipple-ripplePulsate-22",
                    "rippleVisible": "MuiTouchRipple-rippleVisible-21",
                    "root": "MuiTouchRipple-root-19",
                  }
                }
              >
                <TransitionGroup
                  childFactory={[Function]}
                  className="MuiTouchRipple-root-19"
                  component="span"
                  enter={true}
                  exit={true}
                >
                  <span
                    className="MuiTouchRipple-root-19"
                  />
                </TransitionGroup>
              </TouchRipple>
            </WithStyles(TouchRipple)>
          </button>
        </ButtonBase>
      </WithStyles(ButtonBase)>
    </Button>
  </WithStyles(Button)>
  <WithStyles(Button)
    color="contrast"
  >
    <Button
      classes={
        Object {
          "colorInherit": "MuiButton-colorInherit-5",
          "disabled": "MuiButton-disabled-10",
          "fab": "MuiButton-fab-11",
          "flatPrimary": "MuiButton-flatPrimary-3",
          "flatSecondary": "MuiButton-flatSecondary-4",
          "fullWidth": "MuiButton-fullWidth-15",
          "keyboardFocused": "MuiButton-keyboardFocused-7",
          "label": "MuiButton-label-2",
          "mini": "MuiButton-mini-12",
          "raised": "MuiButton-raised-6",
          "raisedPrimary": "MuiButton-raisedPrimary-8",
          "raisedSecondary": "MuiButton-raisedSecondary-9",
          "root": "MuiButton-root-1",
          "sizeLarge": "MuiButton-sizeLarge-14",
          "sizeSmall": "MuiButton-sizeSmall-13",
        }
      }
      color="contrast"
      disableFocusRipple={false}
      disabled={false}
      fullWidth={false}
      mini={false}
      size="medium"
      type="button"
      variant="flat"
    >
      <WithStyles(ButtonBase)
        className="MuiButton-root-1"
        classes={
          Object {
            "keyboardFocused": "MuiButton-keyboardFocused-7",
          }
        }
        disabled={false}
        focusRipple={true}
        type="button"
      >
        <ButtonBase
          centerRipple={false}
          className="MuiButton-root-1"
          classes={
            Object {
              "disabled": "MuiButtonBase-disabled-17",
              "keyboardFocused": "MuiButtonBase-keyboardFocused-18 MuiButton-keyboardFocused-7",
              "root": "MuiButtonBase-root-16",
            }
          }
          disableRipple={false}
          disabled={false}
          focusRipple={true}
          tabIndex="0"
          type="button"
        >
          <button
            className="MuiButtonBase-root-16 MuiButton-root-1"
            disabled={false}
            onBlur={[Function]}
            onFocus={[Function]}
            onKeyDown={[Function]}
            onKeyUp={[Function]}
            onMouseDown={[Function]}
            onMouseLeave={[Function]}
            onMouseUp={[Function]}
            onTouchEnd={[Function]}
            onTouchMove={[Function]}
            onTouchStart={[Function]}
            tabIndex="0"
            type="button"
          >
            <span
              className="MuiButton-label-2"
            >
              Contrast
            </span>
            <WithStyles(TouchRipple)
              center={false}
              innerRef={[Function]}
            >
              <TouchRipple
                center={false}
                classes={
                  Object {
                    "child": "MuiTouchRipple-child-23",
                    "childLeaving": "MuiTouchRipple-childLeaving-24",
                    "childPulsate": "MuiTouchRipple-childPulsate-25",
                    "ripple": "MuiTouchRipple-ripple-20",
                    "ripplePulsate": "MuiTouchRipple-ripplePulsate-22",
                    "rippleVisible": "MuiTouchRipple-rippleVisible-21",
                    "root": "MuiTouchRipple-root-19",
                  }
                }
              >
                <TransitionGroup
                  childFactory={[Function]}
                  className="MuiTouchRipple-root-19"
                  component="span"
                  enter={true}
                  exit={true}
                >
                  <span
                    className="MuiTouchRipple-root-19"
                  />
                </TransitionGroup>
              </TouchRipple>
            </WithStyles(TouchRipple)>
          </button>
        </ButtonBase>
      </WithStyles(ButtonBase)>
    </Button>
  </WithStyles(Button)>
  <WithStyles(Button)
    disabled={true}
  >
    <Button
      classes={
        Object {
          "colorInherit": "MuiButton-colorInherit-5",
          "disabled": "MuiButton-disabled-10",
          "fab": "MuiButton-fab-11",
          "flatPrimary": "MuiButton-flatPrimary-3",
          "flatSecondary": "MuiButton-flatSecondary-4",
          "fullWidth": "MuiButton-fullWidth-15",
          "keyboardFocused": "MuiButton-keyboardFocused-7",
          "label": "MuiButton-label-2",
          "mini": "MuiButton-mini-12",
          "raised": "MuiButton-raised-6",
          "raisedPrimary": "MuiButton-raisedPrimary-8",
          "raisedSecondary": "MuiButton-raisedSecondary-9",
          "root": "MuiButton-root-1",
          "sizeLarge": "MuiButton-sizeLarge-14",
          "sizeSmall": "MuiButton-sizeSmall-13",
        }
      }
      color="default"
      disableFocusRipple={false}
      disabled={true}
      fullWidth={false}
      mini={false}
      size="medium"
      type="button"
      variant="flat"
    >
      <WithStyles(ButtonBase)
        className="MuiButton-root-1 MuiButton-disabled-10"
        classes={
          Object {
            "keyboardFocused": "MuiButton-keyboardFocused-7",
          }
        }
        disabled={true}
        focusRipple={true}
        type="button"
      >
        <ButtonBase
          centerRipple={false}
          className="MuiButton-root-1 MuiButton-disabled-10"
          classes={
            Object {
              "disabled": "MuiButtonBase-disabled-17",
              "keyboardFocused": "MuiButtonBase-keyboardFocused-18 MuiButton-keyboardFocused-7",
              "root": "MuiButtonBase-root-16",
            }
          }
          disableRipple={false}
          disabled={true}
          focusRipple={true}
          tabIndex="0"
          type="button"
        >
          <button
            className="MuiButtonBase-root-16 MuiButtonBase-disabled-17 MuiButton-root-1 MuiButton-disabled-10"
            disabled={true}
            onBlur={[Function]}
            onFocus={[Function]}
            onKeyDown={[Function]}
            onKeyUp={[Function]}
            onMouseDown={[Function]}
            onMouseLeave={[Function]}
            onMouseUp={[Function]}
            onTouchEnd={[Function]}
            onTouchMove={[Function]}
            onTouchStart={[Function]}
            tabIndex="-1"
            type="button"
          >
            <span
              className="MuiButton-label-2"
            >
              Disabled
            </span>
          </button>
        </ButtonBase>
      </WithStyles(ButtonBase)>
    </Button>
  </WithStyles(Button)>
  <WithStyles(Button)
    href="#flat-buttons"
  >
    <Button
      classes={
        Object {
          "colorInherit": "MuiButton-colorInherit-5",
          "disabled": "MuiButton-disabled-10",
          "fab": "MuiButton-fab-11",
          "flatPrimary": "MuiButton-flatPrimary-3",
          "flatSecondary": "MuiButton-flatSecondary-4",
          "fullWidth": "MuiButton-fullWidth-15",
          "keyboardFocused": "MuiButton-keyboardFocused-7",
          "label": "MuiButton-label-2",
          "mini": "MuiButton-mini-12",
          "raised": "MuiButton-raised-6",
          "raisedPrimary": "MuiButton-raisedPrimary-8",
          "raisedSecondary": "MuiButton-raisedSecondary-9",
          "root": "MuiButton-root-1",
          "sizeLarge": "MuiButton-sizeLarge-14",
          "sizeSmall": "MuiButton-sizeSmall-13",
        }
      }
      color="default"
      disableFocusRipple={false}
      disabled={false}
      fullWidth={false}
      href="#flat-buttons"
      mini={false}
      size="medium"
      type="button"
      variant="flat"
    >
      <WithStyles(ButtonBase)
        className="MuiButton-root-1"
        classes={
          Object {
            "keyboardFocused": "MuiButton-keyboardFocused-7",
          }
        }
        disabled={false}
        focusRipple={true}
        href="#flat-buttons"
        type="button"
      >
        <ButtonBase
          centerRipple={false}
          className="MuiButton-root-1"
          classes={
            Object {
              "disabled": "MuiButtonBase-disabled-17",
              "keyboardFocused": "MuiButtonBase-keyboardFocused-18 MuiButton-keyboardFocused-7",
              "root": "MuiButtonBase-root-16",
            }
          }
          disableRipple={false}
          disabled={false}
          focusRipple={true}
          href="#flat-buttons"
          tabIndex="0"
          type="button"
        >
          <a
            className="MuiButtonBase-root-16 MuiButton-root-1"
            href="#flat-buttons"
            onBlur={[Function]}
            onFocus={[Function]}
            onKeyDown={[Function]}
            onKeyUp={[Function]}
            onMouseDown={[Function]}
            onMouseLeave={[Function]}
            onMouseUp={[Function]}
            onTouchEnd={[Function]}
            onTouchMove={[Function]}
            onTouchStart={[Function]}
            role="button"
            tabIndex="0"
          >
            <span
              className="MuiButton-label-2"
            >
              Link
            </span>
            <WithStyles(TouchRipple)
              center={false}
              innerRef={[Function]}
            >
              <TouchRipple
                center={false}
                classes={
                  Object {
                    "child": "MuiTouchRipple-child-23",
                    "childLeaving": "MuiTouchRipple-childLeaving-24",
                    "childPulsate": "MuiTouchRipple-childPulsate-25",
                    "ripple": "MuiTouchRipple-ripple-20",
                    "ripplePulsate": "MuiTouchRipple-ripplePulsate-22",
                    "rippleVisible": "MuiTouchRipple-rippleVisible-21",
                    "root": "MuiTouchRipple-root-19",
                  }
                }
              >
                <TransitionGroup
                  childFactory={[Function]}
                  className="MuiTouchRipple-root-19"
                  component="span"
                  enter={true}
                  exit={true}
                >
                  <span
                    className="MuiTouchRipple-root-19"
                  />
                </TransitionGroup>
              </TouchRipple>
            </WithStyles(TouchRipple)>
          </a>
        </ButtonBase>
      </WithStyles(ButtonBase)>
    </Button>
  </WithStyles(Button)>
  <WithStyles(Button)
    disabled={true}
    href="/"
  >
    <Button
      classes={
        Object {
          "colorInherit": "MuiButton-colorInherit-5",
          "disabled": "MuiButton-disabled-10",
          "fab": "MuiButton-fab-11",
          "flatPrimary": "MuiButton-flatPrimary-3",
          "flatSecondary": "MuiButton-flatSecondary-4",
          "fullWidth": "MuiButton-fullWidth-15",
          "keyboardFocused": "MuiButton-keyboardFocused-7",
          "label": "MuiButton-label-2",
          "mini": "MuiButton-mini-12",
          "raised": "MuiButton-raised-6",
          "raisedPrimary": "MuiButton-raisedPrimary-8",
          "raisedSecondary": "MuiButton-raisedSecondary-9",
          "root": "MuiButton-root-1",
          "sizeLarge": "MuiButton-sizeLarge-14",
          "sizeSmall": "MuiButton-sizeSmall-13",
        }
      }
      color="default"
      disableFocusRipple={false}
      disabled={true}
      fullWidth={false}
      href="/"
      mini={false}
      size="medium"
      type="button"
      variant="flat"
    >
      <WithStyles(ButtonBase)
        className="MuiButton-root-1 MuiButton-disabled-10"
        classes={
          Object {
            "keyboardFocused": "MuiButton-keyboardFocused-7",
          }
        }
        disabled={true}
        focusRipple={true}
        href="/"
        type="button"
      >
        <ButtonBase
          centerRipple={false}
          className="MuiButton-root-1 MuiButton-disabled-10"
          classes={
            Object {
              "disabled": "MuiButtonBase-disabled-17",
              "keyboardFocused": "MuiButtonBase-keyboardFocused-18 MuiButton-keyboardFocused-7",
              "root": "MuiButtonBase-root-16",
            }
          }
          disableRipple={false}
          disabled={true}
          focusRipple={true}
          href="/"
          tabIndex="0"
          type="button"
        >
          <a
            className="MuiButtonBase-root-16 MuiButtonBase-disabled-17 MuiButton-root-1 MuiButton-disabled-10"
            href="/"
            onBlur={[Function]}
            onFocus={[Function]}
            onKeyDown={[Function]}
            onKeyUp={[Function]}
            onMouseDown={[Function]}
            onMouseLeave={[Function]}
            onMouseUp={[Function]}
            onTouchEnd={[Function]}
            onTouchMove={[Function]}
            onTouchStart={[Function]}
            role="button"
            tabIndex="-1"
          >
            <span
              className="MuiButton-label-2"
            >
              Link disabled
            </span>
          </a>
        </ButtonBase>
      </WithStyles(ButtonBase)>
    </Button>
  </WithStyles(Button)>
  <WithStyles(Button)
    dense={true}
  >
    <Button
      classes={
        Object {
          "colorInherit": "MuiButton-colorInherit-5",
          "disabled": "MuiButton-disabled-10",
          "fab": "MuiButton-fab-11",
          "flatPrimary": "MuiButton-flatPrimary-3",
          "flatSecondary": "MuiButton-flatSecondary-4",
          "fullWidth": "MuiButton-fullWidth-15",
          "keyboardFocused": "MuiButton-keyboardFocused-7",
          "label": "MuiButton-label-2",
          "mini": "MuiButton-mini-12",
          "raised": "MuiButton-raised-6",
          "raisedPrimary": "MuiButton-raisedPrimary-8",
          "raisedSecondary": "MuiButton-raisedSecondary-9",
          "root": "MuiButton-root-1",
          "sizeLarge": "MuiButton-sizeLarge-14",
          "sizeSmall": "MuiButton-sizeSmall-13",
        }
      }
      color="default"
      dense={true}
      disableFocusRipple={false}
      disabled={false}
      fullWidth={false}
      mini={false}
      size="medium"
      type="button"
      variant="flat"
    >
      <WithStyles(ButtonBase)
        className="MuiButton-root-1"
        classes={
          Object {
            "keyboardFocused": "MuiButton-keyboardFocused-7",
          }
        }
        dense={true}
        disabled={false}
        focusRipple={true}
        type="button"
      >
        <ButtonBase
          centerRipple={false}
          className="MuiButton-root-1"
          classes={
            Object {
              "disabled": "MuiButtonBase-disabled-17",
              "keyboardFocused": "MuiButtonBase-keyboardFocused-18 MuiButton-keyboardFocused-7",
              "root": "MuiButtonBase-root-16",
            }
          }
          dense={true}
          disableRipple={false}
          disabled={false}
          focusRipple={true}
          tabIndex="0"
          type="button"
        >
          <button
            className="MuiButtonBase-root-16 MuiButton-root-1"
            dense={true}
            disabled={false}
            onBlur={[Function]}
            onFocus={[Function]}
            onKeyDown={[Function]}
            onKeyUp={[Function]}
            onMouseDown={[Function]}
            onMouseLeave={[Function]}
            onMouseUp={[Function]}
            onTouchEnd={[Function]}
            onTouchMove={[Function]}
            onTouchStart={[Function]}
            tabIndex="0"
            type="button"
          >
            <span
              className="MuiButton-label-2"
            >
              Dense
            </span>
            <WithStyles(TouchRipple)
              center={false}
              innerRef={[Function]}
            >
              <TouchRipple
                center={false}
                classes={
                  Object {
                    "child": "MuiTouchRipple-child-23",
                    "childLeaving": "MuiTouchRipple-childLeaving-24",
                    "childPulsate": "MuiTouchRipple-childPulsate-25",
                    "ripple": "MuiTouchRipple-ripple-20",
                    "ripplePulsate": "MuiTouchRipple-ripplePulsate-22",
                    "rippleVisible": "MuiTouchRipple-rippleVisible-21",
                    "root": "MuiTouchRipple-root-19",
                  }
                }
              >
                <TransitionGroup
                  childFactory={[Function]}
                  className="MuiTouchRipple-root-19"
                  component="span"
                  enter={true}
                  exit={true}
                >
                  <span
                    className="MuiTouchRipple-root-19"
                  />
                </TransitionGroup>
              </TouchRipple>
            </WithStyles(TouchRipple)>
          </button>
        </ButtonBase>
      </WithStyles(ButtonBase)>
    </Button>
  </WithStyles(Button)>
  <WithStyles(Button)
    data-something="here I am"
    onClick={[MockFunction]}
  >
    <Button
      classes={
        Object {
          "colorInherit": "MuiButton-colorInherit-5",
          "disabled": "MuiButton-disabled-10",
          "fab": "MuiButton-fab-11",
          "flatPrimary": "MuiButton-flatPrimary-3",
          "flatSecondary": "MuiButton-flatSecondary-4",
          "fullWidth": "MuiButton-fullWidth-15",
          "keyboardFocused": "MuiButton-keyboardFocused-7",
          "label": "MuiButton-label-2",
          "mini": "MuiButton-mini-12",
          "raised": "MuiButton-raised-6",
          "raisedPrimary": "MuiButton-raisedPrimary-8",
          "raisedSecondary": "MuiButton-raisedSecondary-9",
          "root": "MuiButton-root-1",
          "sizeLarge": "MuiButton-sizeLarge-14",
          "sizeSmall": "MuiButton-sizeSmall-13",
        }
      }
      color="default"
      data-something="here I am"
      disableFocusRipple={false}
      disabled={false}
      fullWidth={false}
      mini={false}
      onClick={[MockFunction]}
      size="medium"
      type="button"
      variant="flat"
    >
      <WithStyles(ButtonBase)
        className="MuiButton-root-1"
        classes={
          Object {
            "keyboardFocused": "MuiButton-keyboardFocused-7",
          }
        }
        data-something="here I am"
        disabled={false}
        focusRipple={true}
        onClick={[MockFunction]}
        type="button"
      >
        <ButtonBase
          centerRipple={false}
          className="MuiButton-root-1"
          classes={
            Object {
              "disabled": "MuiButtonBase-disabled-17",
              "keyboardFocused": "MuiButtonBase-keyboardFocused-18 MuiButton-keyboardFocused-7",
              "root": "MuiButtonBase-root-16",
            }
          }
          data-something="here I am"
          disableRipple={false}
          disabled={false}
          focusRipple={true}
          onClick={[MockFunction]}
          tabIndex="0"
          type="button"
        >
          <button
            className="MuiButtonBase-root-16 MuiButton-root-1"
            data-something="here I am"
            disabled={false}
            onBlur={[Function]}
            onClick={[MockFunction]}
            onFocus={[Function]}
            onKeyDown={[Function]}
            onKeyUp={[Function]}
            onMouseDown={[Function]}
            onMouseLeave={[Function]}
            onMouseUp={[Function]}
            onTouchEnd={[Function]}
            onTouchMove={[Function]}
            onTouchStart={[Function]}
            tabIndex="0"
            type="button"
          >
            <span
              className="MuiButton-label-2"
            >
              Does something
            </span>
            <WithStyles(TouchRipple)
              center={false}
              innerRef={[Function]}
            >
              <TouchRipple
                center={false}
                classes={
                  Object {
                    "child": "MuiTouchRipple-child-23",
                    "childLeaving": "MuiTouchRipple-childLeaving-24",
                    "childPulsate": "MuiTouchRipple-childPulsate-25",
                    "ripple": "MuiTouchRipple-ripple-20",
                    "ripplePulsate": "MuiTouchRipple-ripplePulsate-22",
                    "rippleVisible": "MuiTouchRipple-rippleVisible-21",
                    "root": "MuiTouchRipple-root-19",
                  }
                }
              >
                <TransitionGroup
                  childFactory={[Function]}
                  className="MuiTouchRipple-root-19"
                  component="span"
                  enter={true}
                  exit={true}
                >
                  <span
                    className="MuiTouchRipple-root-19"
                  />
                </TransitionGroup>
              </TouchRipple>
            </WithStyles(TouchRipple)>
          </button>
        </ButtonBase>
      </WithStyles(ButtonBase)>
    </Button>
  </WithStyles(Button)>
</div>
`;
